Test cases for '3-say_my_name.py'
=================================

Print something using the function
----------------------------------

>>> say_my_name = __import__('3-say_my_name').say_my_name

Cases to be evaluated:

Case #1: test zero arguments.
>>> say_my_name()
Traceback (most recent call last):
...
TypeError: say_my_name() missing 1 required positional argument: 'first_name'

Case #2: test first argument being Null
>>> say_my_name(None, "Tata")
Traceback (most recent call last):
...
TypeError: first_name must be a string

Case #3: test first argument being a number
>>> say_my_name(20, "Tata")
Traceback (most recent call last):
...
TypeError: first_name must be a string

Case #4: test second argument being a number
>>> say_my_name("Tata", 25)
Traceback (most recent call last):
...
TypeError: last_name must be a string

Case #5: test the two arguments being numbers
>>> say_my_name(20, 25)
Traceback (most recent call last):
...
TypeError: first_name must be a string

Case #6: test arguments being strings
>>> say_my_name("Tata", "Yo")
My name is Tata Yo
